// Jest Snapshot v1, https://goo.gl/fbAQLP

exports[`matches snapshot 1`] = `
<DocumentFragment>
  <div
    class="Card 0"
    style="--random: 0.5; top: 10px; left: 10px; z-index: 1;"
  >
    <img
      alt="Card Ace of Hearts"
      class="Card-image"
      src="some-url"
    />
  </div>
</DocumentFragment>
`;
